// Jest Snapshot v1, https://goo.gl/fbAQLP

exports[`<App /> should match existing snapshot 1`] = `
<Root>
  <h1>
    Application
  </h1>
</Root>
`;
